G__11155$jscomp$inline_1873:vv
G__11155__$1$jscomp$inline_1874:wv
JSCompiler_StaticMethods_assoc_BANG_:th
JSCompiler_StaticMethods_cleanUpTimeoutTimer_:Rs
JSCompiler_StaticMethods_cleanUpXhr_:Us
JSCompiler_StaticMethods_cljs$core$ITransientVector$_assoc_n_BANG_$arity$3:ug
JSCompiler_StaticMethods_convert:Pt
JSCompiler_StaticMethods_createInstance:Ls
JSCompiler_StaticMethods_decodeArray:Wt
JSCompiler_StaticMethods_dispatchErrors_:Ts
JSCompiler_StaticMethods_div:wa
JSCompiler_StaticMethods_emitString:xu
JSCompiler_StaticMethods_entry_at:Ih
JSCompiler_StaticMethods_equals:za
JSCompiler_StaticMethods_error_:Qs
JSCompiler_StaticMethods_fireListeners:Es
JSCompiler_StaticMethods_forceChunk:ci
JSCompiler_StaticMethods_getKeys:It
JSCompiler_StaticMethods_getOptions:Hs
JSCompiler_StaticMethods_getProgId_:Is
JSCompiler_StaticMethods_getReadyState:Ws
JSCompiler_StaticMethods_isZero:xa
JSCompiler_StaticMethods_markAsRemoved:vq
JSCompiler_StaticMethods_negate:sa
JSCompiler_StaticMethods_onReadyStateChangeHelper_:Vs
JSCompiler_StaticMethods_parseString:Vt
JSCompiler_StaticMethods_re_frame$router$IEventQueue$_call_post_event_callbacks$arity$2:vr
JSCompiler_StaticMethods_re_frame$router$IEventQueue$_fsm_trigger$arity$3:rr
JSCompiler_StaticMethods_re_frame$router$IEventQueue$_pause$arity$2:ur
JSCompiler_StaticMethods_re_frame$router$IEventQueue$_process_1st_event_in_queue$arity$1:sr
JSCompiler_StaticMethods_re_frame$router$IEventQueue$_run_next_tick$arity$1:tr
JSCompiler_StaticMethods_re_frame$router$IEventQueue$_run_queue$arity$1:qr
JSCompiler_StaticMethods_removeByKey:yq
JSCompiler_StaticMethods_shiftRightUnsigned:Ca
JSCompiler_StaticMethods_sval:ve
JSCompiler_StaticMethods_toNumber:va
JSCompiler_prototypeAlias:g
JSCompiler_temp$jscomp$336:lv
JSCompiler_temp$jscomp$337:mv
L 0:a
L 1:b
L 10:p
L 11:t
L 12:u
L 13:z
L 14:D
L 15:K
L 16:T
L 17:ea
L 18:ya
L 19:Sa
L 2:c
L 20:qb
L 21:oc
L 22:bn
L 3:d
L 4:e
L 5:f
L 6:h
L 7:k
L 8:l
L 9:m
ajax$core$GET$cljs$0core$0IFn$0_invoke$0arity$0variadic:pv
ajax$easy$default_error_handler:hv
ajax$easy$default_formats:cv
ajax$easy$default_handler:gv
ajax$easy$keyword_request_format:dv
ajax$easy$keyword_response_format:fv
ajax$easy$keyword_response_format_element:ev
ajax$easy$transform_handler:iv
ajax$formats$accept_header:Cs
ajax$formats$detect_content_type:zs
ajax$formats$detect_response_format:vs
ajax$formats$detect_response_format_read:Bs
ajax$formats$get_accept_entries:ys
ajax$formats$get_default_format:As
ajax$formats$get_format:xs
ajax$formats$raw_response_format:ws
ajax$interceptors$ApplyRequestFormat:ps
ajax$interceptors$DirectSubmission:ss
ajax$interceptors$ProcessUrlParameters:rs
ajax$interceptors$ResponseFormat:ns
ajax$interceptors$content_type_to_request_header:ms
ajax$interceptors$fail:ls
ajax$interceptors$get_response_format:us
ajax$interceptors$map__GT_ResponseFormat:os
ajax$interceptors$request_interceptors:ts
ajax$interceptors$uri_with_params:qs
ajax$json$json_request_format:Wu
ajax$json$json_response_format:Vu
ajax$protocols$_body:Wr
ajax$protocols$_get_all_headers:Vr
ajax$protocols$_get_response_header:Xr
ajax$protocols$_js_ajax_request:Sr
ajax$protocols$_process_request:Zr
ajax$protocols$_process_response:$r
ajax$protocols$_status:Tr
ajax$protocols$_status_text:Ur
ajax$protocols$_was_aborted:Yr
ajax$ring$make_ring_read:bv
ajax$simple$default_interceptors:at
ajax$simple$make_js_handler:$s
ajax$simple$normalize_method:Ys
ajax$simple$normalize_request:bt
ajax$simple$process_request:ct
ajax$simple$process_response:Zs
ajax$simple$raw_ajax_request:dt
ajax$transit$transit_read_fn:$u
ajax$transit$transit_request_format$cljs$0core$0IFn$0_invoke$0arity$01:Zu
ajax$transit$transit_response_format:av
ajax$transit$transit_type:Xu
ajax$transit$transit_write_fn:Yu
ajax$url$key_encode:ds
ajax$url$key_value_pair_to_str:fs
ajax$url$param_to_key_value_pairs:is
ajax$url$params_to_str:js
ajax$url$to_vec_key_transform:hs
ajax$url$url_request_format$cljs$0core$0IFn$0_invoke$0arity$01:ks
ajax$url$value_encode:es
ajax$url$vec_key_transform_fn:gs
ajax$util$get_content_type:bs
ajax$util$successful_response_codes_set:cs
ajax$util$throw_error:as
ajax$xml_http_request$append:jv
ajax$xml_http_request$process_headers:kv
ajax$xml_http_request$xmlhttprequest:ov
cljs:Pa
cljs$core:Qa
cljs$core$ArrayChunk:xe
cljs$core$ArrayIter:We
cljs$core$ArrayNode:ch
cljs$core$ArrayNodeIterator:gh
cljs$core$ArrayNodeSeq:nh
cljs$core$Atom:sf
cljs$core$BitmapIndexedNode:Zg
cljs$core$BitmapIndexedNode$EMPTY:bh
cljs$core$BlackNode:yh
cljs$core$Box:Tg
cljs$core$ChunkBuffer:we
cljs$core$ChunkedCons:ze
cljs$core$ChunkedSeq:ng
cljs$core$Cons:oe
cljs$core$EMPTY:ef
cljs$core$ES6EntriesIterator:Dg
cljs$core$ES6Iterator:Yc
cljs$core$ES6IteratorSeq:$c
cljs$core$ES6SetEntriesIterator:Eg
cljs$core$Eduction:zi
cljs$core$Empty:df
cljs$core$EmptyList:ne
cljs$core$ExceptionInfo:Li
cljs$core$Fn:lb
cljs$core$HashCollisionNode:kh
cljs$core$HashMapIter:ph
cljs$core$HashSetIter:Rh
cljs$core$IAssociative:Fb
cljs$core$ICollection:tb
cljs$core$ICounted:ob
cljs$core$IDeref:Tb
cljs$core$IEmptyableCollection:rb
cljs$core$IEncodeClojure:Fi
cljs$core$IEncodeJS:Ai
cljs$core$IFn:mb
cljs$core$IIndexed:vb
cljs$core$IIndexed$_nth$dyn_7818:xb
cljs$core$IIterable:Bc
cljs$core$IKVReduce:$b
cljs$core$IList:gc
cljs$core$ILookup:Cb
cljs$core$ILookup$_lookup$dyn_7824:Eb
cljs$core$IMap:Jb
cljs$core$IMeta:Ub
cljs$core$INIT:Xe
cljs$core$INext:Bb
cljs$core$IPrintWithWriter:lc
cljs$core$IRecord:hc
cljs$core$IReduce:Xb
cljs$core$IReduce$_reduce$dyn_7868:Zb
cljs$core$IReversible:ic
cljs$core$ISeq:yb
cljs$core$ISeqable:dc
cljs$core$ISequential:fc
cljs$core$ISet:Nb
cljs$core$ISwap$_swap_BANG_$dyn_7946:Ac
cljs$core$ITER_SYMBOL:gb
cljs$core$IVector:Rb
cljs$core$IndexedSeq:F
cljs$core$IndexedSeqIterator:td
cljs$core$IntegerRange:ai
cljs$core$IntegerRangeChunk:Zh
cljs$core$KeySeq:Lh
cljs$core$Keyword:C
cljs$core$LazySeq:ue
cljs$core$List:Dd
cljs$core$List$EMPTY:H
cljs$core$Many:af
cljs$core$MapEntry:bg
cljs$core$MetaFn:Jd
cljs$core$NONE:bf
cljs$core$NeverEquiv:zg
cljs$core$NodeIterator:Yg
cljs$core$NodeSeq:lh
cljs$core$PROTOCOL_SENTINEL:q
cljs$core$PersistentArrayMap:r
cljs$core$PersistentArrayMap$EMPTY:U
cljs$core$PersistentArrayMap$HASHMAP_THRESHOLD:Lg
cljs$core$PersistentArrayMap$createAsIfByAssoc:Gd
cljs$core$PersistentArrayMap$createAsIfByAssocComplexPath:Rg
cljs$core$PersistentArrayMap$fromArray:Ng
cljs$core$PersistentArrayMapIterator:Hg
cljs$core$PersistentArrayMapSeq:Gg
cljs$core$PersistentHashMap:qh
cljs$core$PersistentHashMap$EMPTY:Mg
cljs$core$PersistentHashMap$fromArrays:sh
cljs$core$PersistentHashSet:Sh
cljs$core$PersistentHashSet$EMPTY:Uh
cljs$core$PersistentQueue:xg
cljs$core$PersistentQueue$EMPTY:yg
cljs$core$PersistentQueueIter:vg
cljs$core$PersistentQueueSeq:wg
cljs$core$PersistentTreeMap:Hh
cljs$core$PersistentTreeMapSeq:vh
cljs$core$PersistentTreeSet:Vh
cljs$core$PersistentVector:W
cljs$core$PersistentVector$EMPTY:Cd
cljs$core$PersistentVector$EMPTY_NODE:X
cljs$core$PersistentVector$fromArray:hg
cljs$core$RSeq:ud
cljs$core$Range:bi
cljs$core$RangeIterator:$h
cljs$core$RangedIterator:Yf
cljs$core$RecordIter:Cg
cljs$core$RedNode:Y
cljs$core$Reduced:fd
cljs$core$Repeat:Af
cljs$core$START:Ye
cljs$core$SeqIter:Ze
cljs$core$Single:cf
cljs$core$StringBufferWriter:Ec
cljs$core$StringIter:Ve
cljs$core$Subvec:pg
cljs$core$Symbol:Rc
cljs$core$TransformerIterator:gf
cljs$core$TransientArrayMap:Kg
cljs$core$TransientHashMap:rh
cljs$core$TransientHashSet:Th
cljs$core$TransientVector:cg
cljs$core$UUID:Ki
cljs$core$ValSeq:Mh
cljs$core$VectorNode:Nf
cljs$core$_EQ_:J
cljs$core$_STAR_print_fn_STAR_:Ra
cljs$core$_STAR_print_level_STAR_:Ua
cljs$core$_STAR_print_newline_STAR_:Ta
cljs$core$__destructure_map:Re
cljs$core$_add_watch:nc
cljs$core$_as_transient:rc
cljs$core$_assoc:Hb
cljs$core$_assoc_BANG_:uc
cljs$core$_assoc_n:Sb
cljs$core$_chunked_first:wc
cljs$core$_chunked_rest:xc
cljs$core$_clj__GT_js:Bi
cljs$core$_clone:nb
cljs$core$_conj:ub
cljs$core$_conj_BANG_:sc
cljs$core$_contains_key_QMARK_:Gb
cljs$core$_count:pb
cljs$core$_deref:A
cljs$core$_disjoin:Ob
cljs$core$_dissoc:Kb
cljs$core$_drop:Dc
cljs$core$_drop_first:vc
cljs$core$_empty:sb
cljs$core$_equiv:bc
cljs$core$_find:Ib
cljs$core$_first:zb
cljs$core$_hash:cc
cljs$core$_indexOf$cljs$0core$0IFn$0_invoke$0arity$03:M
cljs$core$_iterator:Cc
cljs$core$_js__GT_clj:Gi
cljs$core$_key:Lb
cljs$core$_kv_reduce:ac
cljs$core$_lastIndexOf$cljs$0core$0IFn$0_invoke$0arity$03:O
cljs$core$_lookup:Db
cljs$core$_meta:Vb
cljs$core$_nth:wb
cljs$core$_peek:Pb
cljs$core$_persistent_BANG_:tc
cljs$core$_pop:Qb
cljs$core$_pr_writer:mc
cljs$core$_reduce:Yb
cljs$core$_remove_watch:qc
cljs$core$_reset_BANG_:yc
cljs$core$_rest:Ab
cljs$core$_rseq:jc
cljs$core$_seq:ec
cljs$core$_swap_BANG_:zc
cljs$core$_val:Mb
cljs$core$_with_meta:Wb
cljs$core$_write:kc
cljs$core$aclone:hb
cljs$core$apply:Kd
cljs$core$apply$cljs$0core$0IFn$0_invoke$0arity$02:Me
cljs$core$apply$cljs$0core$0IFn$0_invoke$0arity$03:Ne
cljs$core$apply$cljs$0core$0IFn$0_invoke$0arity$04:Oe
cljs$core$apply$cljs$0core$0IFn$0_invoke$0arity$05:Pe
cljs$core$apply$cljs$0core$0IFn$0_invoke$0arity$0variadic:Qe
cljs$core$apply_to:Ge
cljs$core$apply_to_simple$cljs$0core$0IFn$0_invoke$0arity$03:Ie
cljs$core$apply_to_simple$cljs$0core$0IFn$0_invoke$0arity$04:Je
cljs$core$apply_to_simple$cljs$0core$0IFn$0_invoke$0arity$05:Ke
cljs$core$apply_to_simple$cljs$0core$0IFn$0_invoke$0arity$06:Le
cljs$core$array_QMARK_:cb
cljs$core$array__GT_transient_hash_map:Sg
cljs$core$array_copy:Xd
cljs$core$array_for:Vf
cljs$core$array_index_of:Fg
cljs$core$array_map:Kh
cljs$core$array_reduce$cljs$0core$0IFn$0_invoke$0arity$02:ld
cljs$core$array_reduce$cljs$0core$0IFn$0_invoke$0arity$03:md
cljs$core$array_reduce$cljs$0core$0IFn$0_invoke$0arity$04:nd
cljs$core$assoc:S
cljs$core$assoc_BANG_$cljs$0core$0IFn$0_invoke$0arity$03:Fe
cljs$core$assoc_in:Kf
cljs$core$atom$cljs$0core$0IFn$0_invoke$0arity$01:tf
cljs$core$balance_left:xh
cljs$core$balance_left_del:Ah
cljs$core$balance_right:zh
cljs$core$balance_right_del:Bh
cljs$core$bit_count:me
cljs$core$boolean$0:$d
cljs$core$bounded_count:Ce
cljs$core$build_subvec:qg
cljs$core$butlast:Xh
cljs$core$char_escapes:ki
cljs$core$chunkIteratorSeq:ff
cljs$core$chunk_append:Be
cljs$core$chunk_buffer:ye
cljs$core$chunk_cons:Ae
cljs$core$chunked_seq:gg
cljs$core$chunked_seq$cljs$0core$0IFn$0_invoke$0arity$04:fg
cljs$core$chunked_seq$cljs$0core$0IFn$0_invoke$0arity$05:og
cljs$core$chunked_seq_QMARK_:Wd
cljs$core$ci_reduce$cljs$0core$0IFn$0_invoke$0arity$02:jd
cljs$core$ci_reduce$cljs$0core$0IFn$0_invoke$0arity$03:kd
cljs$core$clj__GT_js:Di
cljs$core$clone_and_set$cljs$0core$0IFn$0_invoke$0arity$03:Ug
cljs$core$coll_QMARK_:Qd
cljs$core$complement:lf
cljs$core$completing$cljs$0core$0IFn$0_invoke$0arity$02:ie
cljs$core$concat:Ee
cljs$core$conj:Bd
cljs$core$cons:P
cljs$core$contains_QMARK_:ce
cljs$core$count:N
cljs$core$counted_QMARK_:od
cljs$core$create_array_node_seq:ih
cljs$core$create_array_node_seq$cljs$0core$0IFn$0_invoke$0arity$01:hh
cljs$core$create_array_node_seq$cljs$0core$0IFn$0_invoke$0arity$03:oh
cljs$core$create_inode_seq:ah
cljs$core$create_inode_seq$cljs$0core$0IFn$0_invoke$0arity$01:$g
cljs$core$create_inode_seq$cljs$0core$0IFn$0_invoke$0arity$03:mh
cljs$core$create_node:eh
cljs$core$create_node$cljs$0core$0IFn$0_invoke$0arity$06:fh
cljs$core$create_node$cljs$0core$0IFn$0_invoke$0arity$07:dh
cljs$core$create_tree_map_seq:wh
cljs$core$deref:id
cljs$core$disj:Od
cljs$core$dissoc:Hd
cljs$core$do_assoc:Wf
cljs$core$doall$cljs$0core$0IFn$0_invoke$0arity$01:ei
cljs$core$drop$cljs$0core$0IFn$0_invoke$0arity$02:xf
cljs$core$drop_last$cljs$0core$0IFn$0_invoke$0arity$02:yf
cljs$core$edit_and_set$cljs$0core$0IFn$0_invoke$0arity$04:Wg
cljs$core$empty:Ed
cljs$core$empty_QMARK_:Pd
cljs$core$empty_ordered_hash:bd
cljs$core$empty_unordered_hash:dd
cljs$core$enable_console_print_BANG_:ab
cljs$core$equiv_map:Bg
cljs$core$equiv_sequential:vd
cljs$core$es6_iterator:Zc
cljs$core$es6_iterator_seq:Wc
cljs$core$every_QMARK_:jf
cljs$core$ex_info$cljs$0core$0IFn$0_invoke$0arity$02:Mi
cljs$core$filter$cljs$0core$0IFn$0_invoke$0arity$02:Df
cljs$core$first:G
cljs$core$flatten:Gf
cljs$core$fn_QMARK_:Id
cljs$core$fnil$cljs$0core$0IFn$0_invoke$0arity$02:nf
cljs$core$gensym$cljs$0core$0IFn$0_invoke$0arity$01:yi
cljs$core$gensym_counter:xi
cljs$core$get:Sc
cljs$core$get$cljs$0core$0IFn$0_invoke$0arity$02:B
cljs$core$get$cljs$0core$0IFn$0_invoke$0arity$03:Tc
cljs$core$get_in$cljs$0core$0IFn$0_invoke$0arity$02:Jf
cljs$core$group_by:Ji
cljs$core$hash:Oc
cljs$core$hash_collision_node_find_index:jh
cljs$core$hash_combine:Pc
cljs$core$hash_map:Jh
cljs$core$hash_ordered_coll:ad
cljs$core$hash_string:Nc
cljs$core$hash_unordered_coll:cd
cljs$core$identity:he
cljs$core$ifn_QMARK_:ae
cljs$core$imul:Gc
cljs$core$inc:ed
cljs$core$indexed_QMARK_:pd
cljs$core$inode_kv_reduce:Xg
cljs$core$instance_QMARK_:Qc
cljs$core$integer_QMARK_:be
cljs$core$into:of
cljs$core$into_array$cljs$0core$0IFn$0_invoke$0arity$02:ib
cljs$core$iter:$e
cljs$core$iter_reduce$cljs$0core$0IFn$0_invoke$0arity$02:de
cljs$core$iter_reduce$cljs$0core$0IFn$0_invoke$0arity$03:ee
cljs$core$iterable_QMARK_:Vc
cljs$core$js__GT_clj$cljs$0core$0IFn$0_invoke$0arity$0variadic:Hi
cljs$core$juxt$cljs$0core$0IFn$0_invoke$0arity$02:di
cljs$core$keep$cljs$0core$0IFn$0_invoke$0arity$02:rf
cljs$core$key:kg
cljs$core$key__GT_js$cljs$0core$0IFn$0_invoke$0arity$02:Ci
cljs$core$key_test:Og
cljs$core$keys:Ig
cljs$core$keyword:se
cljs$core$keyword_identical_QMARK_:pe
cljs$core$last:Ad
cljs$core$lift_ns:ui
cljs$core$linear_traversal_nth$cljs$0core$0IFn$0_invoke$0arity$03:Fd
cljs$core$lookup_sentinel:Yd
cljs$core$m3_fmix:Jc
cljs$core$m3_hash_unencoded_chars:Kc
cljs$core$m3_mix_H1:Ic
cljs$core$m3_mix_K1:Hc
cljs$core$map:V
cljs$core$map_QMARK_:Td
cljs$core$map_entry_QMARK_:jg
cljs$core$map_indexed$cljs$0core$0IFn$0_invoke$0arity$02:qf
cljs$core$mapcat$cljs$0core$0IFn$0_invoke$0arity$0variadic:Cf
cljs$core$mapv$cljs$0core$0IFn$0_invoke$0arity$02:Hf
cljs$core$max:ke
cljs$core$max_key:Yh
cljs$core$merge:Nh
cljs$core$meta:Md
cljs$core$missing_protocol:x
cljs$core$name:te
cljs$core$namespace:qe
cljs$core$native_satisfies_QMARK_:w
cljs$core$never_equiv:Ag
cljs$core$new_path:Rf
cljs$core$next:I
cljs$core$next_STAR_:He
cljs$core$nil_QMARK_:bb
cljs$core$nil_iter:Ue
cljs$core$not:db
cljs$core$not_empty:Se
cljs$core$nth:sd
cljs$core$nth$cljs$0core$0IFn$0_invoke$0arity$02:qd
cljs$core$nth$cljs$0core$0IFn$0_invoke$0arity$03:R
cljs$core$pam_grow_seed_array:Qg
cljs$core$pam_new_size:Pg
cljs$core$partial:mf
cljs$core$partition$cljs$0core$0IFn$0_invoke$0arity$03:If
cljs$core$peek:Nd
cljs$core$pop_tail:Xf
cljs$core$pr_opts:Va
cljs$core$pr_sequential_writer:gi
cljs$core$pr_str_STAR_:Fc
cljs$core$pr_str_with_opts:ri
cljs$core$pr_writer:Z
cljs$core$pr_writer_impl:ni
cljs$core$prim_seq$cljs$0core$0IFn$0_invoke$0arity$02:Q
cljs$core$print_map:oi
cljs$core$print_meta_QMARK_:mi
cljs$core$print_prefix_map:vi
cljs$core$println$cljs$0core$0IFn$0_invoke$0arity$0variadic:si
cljs$core$push_tail:Sf
cljs$core$pv_clone_node:Pf
cljs$core$pv_fresh_node:Of
cljs$core$pv_reduce$cljs$0core$0IFn$0_invoke$0arity$04:$f
cljs$core$pv_reduce$cljs$0core$0IFn$0_invoke$0arity$05:ag
cljs$core$qualified_keyword_QMARK_:re
cljs$core$quot:le
cljs$core$quote_string:li
cljs$core$ranged_iterator:Zf
cljs$core$re_matches:fi
cljs$core$record_QMARK_:Ud
cljs$core$reduce:kb
cljs$core$reduce$cljs$0core$0IFn$0_invoke$0arity$02:fe
cljs$core$reduce$cljs$0core$0IFn$0_invoke$0arity$03:jb
cljs$core$reduce_kv:ge
cljs$core$reduced_QMARK_:gd
cljs$core$remove$cljs$0core$0IFn$0_invoke$0arity$02:Ef
cljs$core$remove_pair:Vg
cljs$core$repeat$cljs$0core$0IFn$0_invoke$0arity$02:Bf
cljs$core$reset_BANG_:uf
cljs$core$rest:Xc
cljs$core$second:zd
cljs$core$select_keys:Oh
cljs$core$seq:E
cljs$core$seq_QMARK_:Zd
cljs$core$seq_reduce:xd
cljs$core$seq_reduce$cljs$0core$0IFn$0_invoke$0arity$02:wd
cljs$core$seq_reduce$cljs$0core$0IFn$0_invoke$0arity$03:yd
cljs$core$sequential_QMARK_:Sd
cljs$core$set:Wh
cljs$core$set_QMARK_:Rd
cljs$core$some:kf
cljs$core$spread:De
cljs$core$str:y
cljs$core$string_hash_cache:Lc
cljs$core$string_hash_cache_count:Mc
cljs$core$string_print:ji
cljs$core$strip_ns:ti
cljs$core$subvec:rg
cljs$core$swap_BANG_:vf
cljs$core$symbol:Uc
cljs$core$t_cljs$0core6554:Te
cljs$core$tail_off:Qf
cljs$core$take$cljs$0core$0IFn$0_invoke$0arity$02:wf
cljs$core$take_last:zf
cljs$core$transduce$cljs$0core$0IFn$0_invoke$0arity$04:je
cljs$core$transformer_iterator:hf
cljs$core$tree_map_add:Dh
cljs$core$tree_map_append:Eh
cljs$core$tree_map_kv_reduce:Ch
cljs$core$tree_map_remove:Fh
cljs$core$tree_map_replace:Gh
cljs$core$tree_map_seq_push:uh
cljs$core$tree_seq:Ff
cljs$core$truth_:v
cljs$core$tv_editable_root:dg
cljs$core$tv_editable_tail:eg
cljs$core$tv_ensure_editable:sg
cljs$core$tv_push_tail:tg
cljs$core$type:eb
cljs$core$type__GT_str:fb
cljs$core$unchecked_array_for:Uf
cljs$core$unreduced:hd
cljs$core$update:Mf
cljs$core$update_in:Lf
cljs$core$val:lg
cljs$core$vals:Jg
cljs$core$vec:ig
cljs$core$vector:mg
cljs$core$vector_QMARK_:Vd
cljs$core$vector_index_out_of_bounds:Tf
cljs$core$with_meta:Ld
cljs$core$write_all$cljs$0core$0IFn$0_invoke$0arity$0variadic:ii
cljs$cst$0$flush_on_newline:Wa
cljs$cst$1$readably:Xa
cljs$cst$105$more_marker:hi
cljs$cst$106$alt_impl:pi
cljs$cst$107$fallback_impl:qi
cljs$cst$108$val:wi
cljs$cst$109$status:ej
cljs$cst$126$keyword_fn:Ei
cljs$cst$127$keywordize_keys:Ii
cljs$cst$139$type:Nn
cljs$cst$177$warn:fm
cljs$cst$178$error:uk
cljs$cst$179$name:am
cljs$cst$182$class:Fj
cljs$cst$183$style:jj
cljs$cst$184$key:Mn
cljs$cst$186$on_dispose:Jm
cljs$cst$187$f:Nl
cljs$cst$189$auto_run:oj
cljs$cst$190$path:kk
cljs$cst$193$on_set:vl
cljs$cst$194$no_cache:dj
cljs$cst$2$meta:Ya
cljs$cst$202$shouldComponentUpdate:xj
cljs$cst$203$componentWillUnmount:Hl
cljs$cst$204$reagentRender:Lj
cljs$cst$205$render:ek
cljs$cst$206$displayName:Km
cljs$cst$207$cljsLegacyRender:Ik
cljs$cst$208$childContextTypes:yj
cljs$cst$209$contextTypes:xm
cljs$cst$210$contextType:jl
cljs$cst$211$getDerivedStateFromProps:pj
cljs$cst$212$getDerivedStateFromError:Um
cljs$cst$213$getInitialState:Vl
cljs$cst$214$constructor:$i
cljs$cst$215$reagent_render:om
cljs$cst$216$on_write:Dl
cljs$cst$217$display_name:mn
cljs$cst$218$component_did_update:jm
cljs$cst$219$component_will_unmount:Cj
cljs$cst$222$id:gl
cljs$cst$223$className:Il
cljs$cst$229$function_components:Lk
cljs$cst$230$parse_tag:qj
cljs$cst$234$log:Om
cljs$cst$235$debug:bl
cljs$cst$236$group:Ck
cljs$cst$237$groupEnd:kj
cljs$cst$238$loaded_QMARK_:yl
cljs$cst$239$global_interceptors:Sn
cljs$cst$240$sub:Zn
cljs$cst$241$event:Sk
cljs$cst$242$cofx:Fm
cljs$cst$243$fx:Ni
cljs$cst$249$after:qk
cljs$cst$250$before:nn
cljs$cst$251$unnamed:Pn
cljs$cst$252$effects:sn
cljs$cst$253$coeffects:cl
cljs$cst$254$queue:Dk
cljs$cst$255$stack:Hj
cljs$cst$256$original_event:Xj
cljs$cst$257$db:Oj
cljs$cst$258$interceptors:Wl
cljs$cst$270$_LT__:An
cljs$cst$272$value:Uk
cljs$cst$273$flush_dom:Xm
cljs$cst$274$yield:gn
cljs$cst$275$finish_run:Fl
cljs$cst$276$pause:lj
cljs$cst$277$add_event:un
cljs$cst$278$run_queue:Am
cljs$cst$280$idle:fj
cljs$cst$281$scheduled:Zk
cljs$cst$282$running:bm
cljs$cst$283$exception:xn
cljs$cst$284$paused:Mj
cljs$cst$285$resume:dn
cljs$cst$286$fsm_state:In
cljs$cst$287$trigger:Qm
cljs$cst$293$do_fx:ak
cljs$cst$295$ms:Fk
cljs$cst$296$dispatch:gj
cljs$cst$297$dispatch_later:Tk
cljs$cst$298$dispatch_n:lk
cljs$cst$299$deregister_event_handler:Wi
cljs$cst$3$dup:Za
cljs$cst$300$atom:fl
cljs$cst$301$sequential:Hk
cljs$cst$302$map:bk
cljs$cst$303$set:ml
cljs$cst$304$re_frame_DOT_std_interceptors_SLASH_not_found:hl
cljs$cst$305$unwrap:Rj
cljs$cst$306$trim_v:Oi
cljs$cst$307$db_handler:rm
cljs$cst$309$fx_handler:Rk
cljs$cst$314$inject_global_interceptors:ll
cljs$cst$315$body:Ul
cljs$cst$316$status_text:$m
cljs$cst$317$headers:hn
cljs$cst$324$java:Lm
cljs$cst$325$vec_strategy:Ti
cljs$cst$326$write:Ll
cljs$cst$327$content_type:Un
cljs$cst$329$response:zk
cljs$cst$332$description:Zi
cljs$cst$333$failure:Uj
cljs$cst$334$parse:Tm
cljs$cst$335$original_text:rn
cljs$cst$336$parse_error:Em
cljs$cst$337$read:$l
cljs$cst$338$failed:Ej
cljs$cst$339$aborted:ck
cljs$cst$340$timeout:ln
cljs$cst$344$uri:fk
cljs$cst$345$method:Si
cljs$cst$346$format:em
cljs$cst$347$params:dk
cljs$cst$348$url_params:hj
cljs$cst$349$response_format:Yl
cljs$cst$350$handler:ok
cljs$cst$351$api:Pi
cljs$cst$352$with_credentials:Zj
cljs$cst$353$progress_handler:Cn
cljs$cst$356$last_method:aj
cljs$cst$357$last_error:gm
cljs$cst$358$last_error_code:sj
cljs$cst$359$debug_message:ij
cljs$cst$360$on_success:xl
cljs$cst$361$http_no_on_success:mj
cljs$cst$362$on_failure:rk
cljs$cst$363$http_no_on_failure:Bk
cljs$cst$364$on_request:Yi
cljs$cst$365$http_xhrio:Vi
cljs$cst$366$projects:Wj
cljs$cst$367$websocket:vk
cljs$cst$368$pending_route:Pj
cljs$cst$369$current_route:$k
cljs$cst$370$loading_QMARK_:sk
cljs$cst$371$expanded_sidebar_section:cm
cljs$cst$372$graph:bj
cljs$cst$373$selected_project_id:Dn
cljs$cst$374$current_view:on
cljs$cst$375$connection:vn
cljs$cst$376$connected_QMARK_:Rm
cljs$cst$377$reconnect_attempts:Bm
cljs$cst$378$last_event:pl
cljs$cst$379$home:yk
cljs$cst$380$last_updated:wl
cljs$cst$381$squads:gk
cljs$cst$382$layout:Yn
cljs$cst$383$roles:an
cljs$cst$384$collections:nj
cljs$cst$385$jobs:Vj
cljs$cst$386$documents:Xi
cljs$cst$387$project_selector:Ok
cljs$cst$388$handlers:Ym
cljs$cst$389$default:Kj
cljs$cst$390$array_builder:Zm
cljs$cst$391$arrayBuilder:dm
cljs$cst$392$map_builder:kl
cljs$cst$393$mapBuilder:um
cljs$cst$394$prefer_strings:tj
cljs$cst$395$preferStrings:Cm
cljs$cst$396$prefer_buffers:mk
cljs$cst$397$preferBuffers:Tl
cljs$cst$4$print_length:$a
cljs$cst$403$json:xk
cljs$cst$404$prefix:Ui
cljs$cst$405$keywords_QMARK_:Gn
cljs$cst$406$raw:Al
cljs$cst$407$writer:Pm
cljs$cst$408$json_verbose:dl
cljs$cst$409$reader:Rn
cljs$cst$410$error_handler:Qn
cljs$cst$411$finally:mm
cljs$cst$412$not_initialized:ik
cljs$cst$413$connection_established:Ak
cljs$cst$414$request_received:qm
cljs$cst$415$processing_request:Wk
cljs$cst$416$response_ready:El
cljs$cst$417$project_SLASH_data_loaded:km
cljs$cst$418$project_SLASH_data_failed:Kk
cljs$cst$419$collection_SLASH_details_loaded:Qj
cljs$cst$420$collection_SLASH_details_failed:vj
cljs$cst$421$job_SLASH_details_loaded:Sj
cljs$cst$422$job_SLASH_details_failed:Jk
cljs$cst$423$project_SLASH_load_data:cj
cljs$cst$424$app:Ri
cljs$cst$425$project_SLASH_fetch_data:zl
cljs$cst$426$timestamp:en
cljs$cst$427$short_name:Dj
cljs$cst$428$project:Im
cljs$cst$429$project_SLASH_document_status_changed:rl
cljs$cst$430$document_id:Ml
cljs$cst$431$new_status:Nj
cljs$cst$432$old_status:Gj
cljs$cst$433$project_SLASH_job_status_changed:Wm
cljs$cst$434$job_id:nk
cljs$cst$435$completed:nl
cljs$cst$436$project_SLASH_collection_progress_updated:Nk
cljs$cst$437$collection_id:ul
cljs$cst$438$total:On
cljs$cst$439$progress:pm
cljs$cst$440$project_SLASH_document_created:Sm
cljs$cst$441$document:tm
cljs$cst$442$collection_SLASH_show_details:zn
cljs$cst$443$ui:Kl
cljs$cst$444$selected_collection_id:tk
cljs$cst$445$collection_details:Jl
cljs$cst$446$job_SLASH_show_details:Qk
cljs$cst$447$selected_job_id:Bl
cljs$cst$448$job_details:Dm
cljs$cst$449$websocket_SLASH_connected:vm
cljs$cst$450$projectId:Vn
cljs$cst$451$websocket_SLASH_event_received:Kn
cljs$cst$452$websocket_SLASH_disconnected:rj
cljs$cst$453$websocket_SLASH_error:sl
cljs$cst$454$websocket_SLASH_connect:Ql
cljs$cst$455$graph_SLASH_document_status_changed:Xk
cljs$cst$456$graph_SLASH_job_status_changed:jk
cljs$cst$457$graph_SLASH_collection_progress_updated:Sl
cljs$cst$458$graph_SLASH_document_created:Xl
cljs$cst$459$backend_url:Ek
cljs$cst$460$api_base:Fn
cljs$cst$461$fetch_projects:Vk
cljs$cst$462$get:zm
cljs$cst$463$fetch_projects_success:qn
cljs$cst$464$fetch_projects_failure:Zl
cljs$cst$465$navigate_to_project_by_id:Xn
cljs$cst$466$set_selected_project:Yk
cljs$cst$467$navigate_to_main:tn
cljs$cst$468$main:Rl
cljs$cst$469$set_current_view:Wn
cljs$cst$47$validator:Vm
cljs$cst$470$set_route:Bj
cljs$cst$471$selected_project:ol
cljs$cst$472$navigate_to_home:kn
cljs$cst$473$toggle_sidebar_section:cn
cljs$cst$474$initialize_db:Hm
cljs$cst$475$app_SLASH_loading_QMARK_:ym
cljs$cst$476$app_SLASH_error:Mm
cljs$cst$477$websocket_SLASH_connected_QMARK_:al
cljs$cst$478$websocket_SLASH_last_event:Hn
cljs$cst$479$project_SLASH_has_data_QMARK_:hm
cljs$cst$480$project_SLASH_stats:Cl
cljs$cst$481$total_collections:Jn
cljs$cst$482$total_documents:Gm
cljs$cst$483$total_jobs:Bn
cljs$cst$484$completed_jobs:Ol
cljs$cst$485$documents_done:wk
cljs$cst$486$documents_in_progress:En
cljs$cst$487$documents_ready:el
cljs$cst$488$documents_blocked:Ij
cljs$cst$489$has_projects_QMARK_:tl
cljs$cst$490$graph_SLASH_load_initial_data:il
cljs$cst$491$div:Pk
cljs$cst$492$h1:wj
cljs$cst$493$p:Gl
cljs$cst$494$button:Ln
cljs$cst$495$on_click:Gk
cljs$cst$496$label:im
cljs$cst$497$for:Mk
cljs$cst$498$select:ql
cljs$cst$499$on_change:pk
cljs$cst$500$option:Tj
cljs$cst$501$disabled:Nm
cljs$cst$503$font_size:fn
cljs$cst$504$title:hk
cljs$cst$505$icon:Jj
cljs$cst$506$section:nm
cljs$cst$507$hover_class:wm
cljs$cst$508$h3:zj
cljs$cst$509$position:Tn
cljs$cst$510$top:Yj
cljs$cst$511$left:Qi
cljs$cst$512$width:uj
cljs$cst$513$height:jn
cljs$cst$514$z_index:sm
cljs$cst$515$agents:wn
cljs$cst$516$tickets:pn
cljs$cst$518$h2:Aj
cljs$cst$519$pre:yn
cljs$cst$520$component_did_mount:lm
cljs$cst$521$margin_left:Pl
cljs$cst$98$cljs_DOT_core_SLASH_not_found:Qh
clojure$data$atom_diff:Br
clojure$data$diff:Er
clojure$data$diff_associative:Fr
clojure$data$diff_associative_key:Dr
clojure$data$diff_sequential:Gr
clojure$data$diff_set:Hr
clojure$data$diff_similar:Jr
clojure$data$equality_partition:Ir
clojure$data$vectorize:Cr
clojure$set$bubble_max_key:Jo
clojure$set$difference:Lo
clojure$set$intersection:Ko
clojure$set$rename_keys:Mo
clojure$string$join$cljs$0core$0IFn$0_invoke$0arity$02:jo
clojure$string$replace:io
clojure$string$replace_all:go
clojure$string$replace_with:ho
clojure$string$split$cljs$0core$0IFn$0_invoke$0arity$02:ko
cognitect$transit$KeywordHandler:Lu
cognitect$transit$ListHandler:Nu
cognitect$transit$MapBuilder:Iu
cognitect$transit$MapHandler:Ou
cognitect$transit$SetHandler:Pu
cognitect$transit$SymbolHandler:Mu
cognitect$transit$UUIDHandler:Ru
cognitect$transit$VectorBuilder:Ju
cognitect$transit$VectorHandler:Qu
cognitect$transit$WithMeta:Su
cognitect$transit$WithMetaHandler:Tu
cognitect$transit$opts_merge:Hu
cognitect$transit$reader$cljs$0core$0IFn$0_invoke$0arity$02:Ku
cognitect$transit$writer$cljs$0core$0IFn$0_invoke$0arity$02:Uu
com$cognitect$transit$caching$ReadCache:ot
com$cognitect$transit$caching$WriteCache:nt
com$cognitect$transit$caching$idxToCode:mt
com$cognitect$transit$caching$isCacheable:lt
com$cognitect$transit$eq$equals:qt
com$cognitect$transit$eq$hashArrayLike:wt
com$cognitect$transit$eq$hashCode:vt
com$cognitect$transit$eq$hashCodeCounter:pt
com$cognitect$transit$eq$hashCombine:rt
com$cognitect$transit$eq$hashMapLike:ut
com$cognitect$transit$eq$stringCodeCache:st
com$cognitect$transit$eq$stringCodeCacheSize:tt
com$cognitect$transit$handlers$ArrayHandler:iu
com$cognitect$transit$handlers$BooleanHandler:hu
com$cognitect$transit$handlers$BufferHandler:tu
com$cognitect$transit$handlers$DateHandler:lu
com$cognitect$transit$handlers$Handlers:vu
com$cognitect$transit$handlers$IntegerHandler:gu
com$cognitect$transit$handlers$KeywordHandler:nu
com$cognitect$transit$handlers$MapHandler:ju
com$cognitect$transit$handlers$NilHandler:du
com$cognitect$transit$handlers$NumberHandler:fu
com$cognitect$transit$handlers$StringHandler:eu
com$cognitect$transit$handlers$SymbolHandler:ou
com$cognitect$transit$handlers$TaggedHandler:pu
com$cognitect$transit$handlers$TransitArrayMapHandler:ru
com$cognitect$transit$handlers$TransitMapHandler:su
com$cognitect$transit$handlers$TransitSetHandler:qu
com$cognitect$transit$handlers$UUIDHandler:mu
com$cognitect$transit$handlers$Uint8ArrayHandler:uu
com$cognitect$transit$handlers$VerboseDateHandler:ku
com$cognitect$transit$handlers$ctorGuid:Zt
com$cognitect$transit$handlers$ctorGuidProperty:au
com$cognitect$transit$handlers$padZeros:cu
com$cognitect$transit$handlers$typeTag:bu
com$cognitect$transit$impl$decoder$Decoder:Ut
com$cognitect$transit$impl$decoder$Tag:Tt
com$cognitect$transit$impl$reader$JSONUnmarshaller:Xt
com$cognitect$transit$impl$reader$Reader:Yt
com$cognitect$transit$impl$writer$JSONMarshaller:wu
com$cognitect$transit$impl$writer$Writer:Eu
com$cognitect$transit$impl$writer$emitMap:Du
com$cognitect$transit$impl$writer$emitObjects:yu
com$cognitect$transit$impl$writer$isForeignObject:Cu
com$cognitect$transit$impl$writer$isStringableKey:Au
com$cognitect$transit$impl$writer$marshal:zu
com$cognitect$transit$impl$writer$stringableKeys:Bu
com$cognitect$transit$reader:Fu
com$cognitect$transit$types$ITERATOR:xt
com$cognitect$transit$types$Keyword:Ct
com$cognitect$transit$types$MAX_INT:At
com$cognitect$transit$types$MIN_INT:Bt
com$cognitect$transit$types$Symbol:Dt
com$cognitect$transit$types$TaggedValue:yt
com$cognitect$transit$types$TransitArrayMap:Lt
com$cognitect$transit$types$TransitArrayMapIterator:Gt
com$cognitect$transit$types$TransitMap:Kt
com$cognitect$transit$types$TransitMapIterator:Ht
com$cognitect$transit$types$TransitSet:Rt
com$cognitect$transit$types$UUID:Ft
com$cognitect$transit$types$hexFor:Et
com$cognitect$transit$types$map:Qt
com$cognitect$transit$types$mapEquals:Jt
com$cognitect$transit$types$print:Mt
com$cognitect$transit$types$printMap:Nt
com$cognitect$transit$types$printSet:Ot
com$cognitect$transit$types$set:St
com$cognitect$transit$types$taggedValue:zt
com$cognitect$transit$util$isArray:jt
com$cognitect$transit$util$objectKeys:it
com$cognitect$transit$util$randHex:kt
com$cognitect$transit$writer:Gu
cur$jscomp$inline_1894:Nv
day8$re_frame$http_fx$ajax_xhrio_handler:et
day8$re_frame$http_fx$dispatch_on_request:gt
day8$re_frame$http_fx$request__GT_xhrio_options:ft
fn_to_element$jscomp$inline_1079:$p
goog:aa
goog$Disposable:mq
goog$Disposable$MonitoringMode$OFF:nq
goog$Timer$callOnce:Fs
goog$UID_PROPERTY_:fa
goog$async$nextTick:lq
goog$bind:ka
goog$bindJs_:ja
goog$bindNative_:ia
goog$dom$createElement:kq
goog$events$BrowserEvent:qq
goog$events$BrowserEvent$IE_POINTER_TYPE_MAP:rq
goog$events$BrowserFeature$PASSIVE_EVENTS:pq
goog$events$Event:oq
goog$events$EventTarget:Ds
goog$events$LISTENER_MAP_PROP_:zq
goog$events$LISTENER_WRAPPER_PROP_:Mq
goog$events$Listenable$IMPLEMENTED_BY_PROP:sq
goog$events$ListenableKey$counter_:tq
goog$events$Listener:uq
goog$events$ListenerMap:wq
goog$events$ListenerMap$findListenerIndex_:xq
goog$events$getListenerMap_:Gq
goog$events$getOnString_:Iq
goog$events$getProxy:Hq
goog$events$handleBrowserEvent_:Jq
goog$events$listen:Cq
goog$events$listenOnce:Dq
goog$events$listen_:Fq
goog$events$listenerCountEstimate_:Bq
goog$events$onStringMap_:Aq
goog$events$unlisten:Kq
goog$events$unlistenByKey:Lq
goog$events$wrapListener:Eq
goog$getUid:da
goog$global:ba
goog$inherits:la
goog$isObject:ca
goog$net$DefaultXmlHttpFactory:Ks
goog$net$ErrorCode$getDebugMessage:Rr
goog$net$XhrIo:Ms
goog$net$XhrIo$HTTP_SCHEME_PATTERN:Os
goog$net$XhrIo$METHODS_WITH_FORM_DATA:Ps
goog$net$XhrIo$ResponseType$DEFAULT:Ns
goog$net$XhrIo$buildProgressEvent_:Xs
goog$net$XhrIo$shouldUseXhr2Timeout_:Ss
goog$net$XmlHttp$factory_:Js
goog$net$XmlHttpFactory:Gs
goog$reflect$sinkValue:ma
goog$string$StringBuffer:Oa
goog$string$internal$isEmptyOrWhitespace:Da
goog$string$splitLimit:Ma
goog$typeOf:n
goog$uidCounter_:ha
goog$uri$utils$splitRe_:Na
goog$userAgent$GECKO:hq
goog$userAgent$IE:gq
goog$userAgent$WEBKIT:iq
id$jscomp$inline_1078:Zp
listener$jscomp$inline_1107:Xq
module$contents$goog$array_indexOf:La
module$contents$goog$labs$userAgent$platform_isIphone:fq
module$contents$goog$labs$userAgent$util_getNativeUserAgentString:Ja
module$contents$goog$labs$userAgent$util_matchUserAgent:Ka
module$contents$goog$math$Long_Long:oa
module$contents$goog$math$Long_Long$fromBits:na
module$contents$goog$math$Long_Long$fromNumber:pa
module$contents$goog$math$Long_Long$fromString:ua
module$contents$goog$math$Long_MAX_VALUE_:qa
module$contents$goog$math$Long_MIN_VALUE_:ra
module$contents$goog$math$Long_NEG_ONE_:Ba
module$contents$goog$math$Long_ONE_:Aa
module$contents$goog$math$Long_ZERO_:ta
module$contents$goog$object_PROTOTYPE_FIELDS:Ha
module$contents$goog$object_extend:Ia
module$contents$goog$object_get:Ga
module$contents$goog$object_getKeys:Fa
module$contents$goog$object_map:Ea
module$node_modules$react$index:eo
module$node_modules$react_dom$client:fo
navigator$jscomp$inline_1083:jq
opts$jscomp$inline_1077:Yp
or__5002__auto__$jscomp$inline_1872:uv
parse_fn$jscomp$inline_1080:aq
part$jscomp$inline_1895:Ov
parts$jscomp$inline_1893:Mv
re_frame$cofx$inject_db:Ar
re_frame$core$reg_event_db:Nr
re_frame$core$reg_event_fx$cljs$0core$0IFn$0_invoke$0arity$02:Or
re_frame$core$reg_sub$cljs$0core$0IFn$0_invoke$0arity$0variadic:Pr
re_frame$core$subscribe$cljs$0core$0IFn$0_invoke$0arity$01:Qr
re_frame$db$app_db:Sq
re_frame$events$_STAR_handling_STAR_:gr
re_frame$events$handle:hr
re_frame$fx$dispatch_later:zr
re_frame$fx$do_fx:yr
re_frame$interceptor$__GT_interceptor:br
re_frame$interceptor$assoc_coeffect:dr
re_frame$interceptor$enqueue:fr
re_frame$interceptor$get_coeffect$cljs$0core$0IFn$0_invoke$0arity$02:cr
re_frame$interceptor$invoke_interceptors:er
re_frame$interop$add_on_dispose_BANG_:Pq
re_frame$interop$deref_QMARK_:Oq
re_frame$interop$empty_queue:pf
re_frame$interop$reagent_id:Rq
re_frame$interop$set_timeout_BANG_:Qq
re_frame$loggers$console:Uq
re_frame$loggers$loggers:Tq
re_frame$registrar$clear_handlers:ar
re_frame$registrar$get_handler$cljs$0core$0IFn$0_invoke$0arity$02:Zq
re_frame$registrar$kind__GT_id__GT_handler:Yq
re_frame$registrar$register_handler:$q
re_frame$router$dispatch:xr
re_frame$router$event_queue:wr
re_frame$router$later_fns:pr
re_frame$settings$store:Wq
re_frame$std_interceptors$db_handler__GT_interceptor:Kr
re_frame$std_interceptors$fx_handler__GT_interceptor:Lr
re_frame$std_interceptors$inject_global_interceptors:Mr
re_frame$subs$cache_and_return:jr
re_frame$subs$cache_lookup$cljs$0core$0IFn$0_invoke$0arity$02:kr
re_frame$subs$deref_input_signals:nr
re_frame$subs$map_vals:mr
re_frame$subs$query__GT_reaction:ir
re_frame$subs$reg_sub:or
re_frame$subs$subscribe:lr
re_frame$utils$first_in_vector:Vq
reagent$core$after_render:Nq
reagent$dom$client$reagent_root:bq
reagent$dom$client$render$cljs$0core$0IFn$0_invoke$0arity$03:cq
reagent$impl$batching$RenderQueue:Co
reagent$impl$batching$compare_mount_order:yo
reagent$impl$batching$enqueue:Bo
reagent$impl$batching$fake_raf:wo
reagent$impl$batching$mount_count:vo
reagent$impl$batching$next_tick:xo
reagent$impl$batching$queue_render:Eo
reagent$impl$batching$ratom_flush:zo
reagent$impl$batching$render_queue:Do
reagent$impl$batching$run_funs:Ao
reagent$impl$component$_STAR_current_component_STAR_:hp
reagent$impl$component$built_in_static_method_names:Ph
reagent$impl$component$cache_react_class:tp
reagent$impl$component$camelify_map_keys:op
reagent$impl$component$cljsify:rp
reagent$impl$component$create_class:sp
reagent$impl$component$custom_wrapper:lp
reagent$impl$component$dash_to_method_name:np
reagent$impl$component$functional_render:vp
reagent$impl$component$functional_render_fn:xp
reagent$impl$component$functional_render_memo_fn:wp
reagent$impl$component$functional_wrap_render:up
reagent$impl$component$map_to_js:qp
reagent$impl$component$obligatory:mp
reagent$impl$component$props_argv:ip
reagent$impl$component$rat_opts:gp
reagent$impl$component$reagent_class_QMARK_:jp
reagent$impl$component$wrap_funs:pp
reagent$impl$component$wrap_render:kp
reagent$impl$input$_STAR_force_set_dom_value_STAR_:zp
reagent$impl$input$input_component_set_value:Bp
reagent$impl$input$input_handle_change:Cp
reagent$impl$input$input_node_set_value:Ap
reagent$impl$input$input_render_setup:Dp
reagent$impl$input$input_spec:Ep
reagent$impl$input$these_inputs_have_selection_api:yp
reagent$impl$protocols$as_element:Ho
reagent$impl$protocols$get_id:Fo
reagent$impl$protocols$make_element:Io
reagent$impl$protocols$parse_tag:Go
reagent$impl$template$HiccupTag:Op
reagent$impl$template$_STAR_current_default_compiler_STAR_:Xp
reagent$impl$template$cache_get:Hp
reagent$impl$template$convert_custom_prop_value:Mp
reagent$impl$template$convert_prop_value:Jp
reagent$impl$template$custom_kv_conv:Lp
reagent$impl$template$custom_prop_name_cache:Kp
reagent$impl$template$expand_seq:Up
reagent$impl$template$function_element:Qp
reagent$impl$template$kv_conv:Ip
reagent$impl$template$make_element:Np
reagent$impl$template$maybe_function_element:Rp
reagent$impl$template$native_element:Tp
reagent$impl$template$prop_name_cache:Gp
reagent$impl$template$re_tag:Fp
reagent$impl$template$reag_element:Pp
reagent$impl$template$t_reagent$0impl$0template8336:Wp
reagent$impl$template$tag_name_cache:Sp
reagent$impl$template$vec_to_elem:Vp
reagent$impl$util$_STAR_always_update_STAR_:so
reagent$impl$util$capitalize:no
reagent$impl$util$class_names:ro
reagent$impl$util$dash_to_prop_name:oo
reagent$impl$util$dont_camel_case:mo
reagent$impl$util$fun_name:po
reagent$impl$util$get_react_key:to
reagent$impl$util$is_client:lo
reagent$impl$util$named_QMARK_:qo
reagent$impl$util$react_key_from_vec:uo
reagent$ratom$RAtom:Vo
reagent$ratom$RCursor:$o
reagent$ratom$Reaction:cp
reagent$ratom$Track:Zo
reagent$ratom$_STAR_ratom_context_STAR_:No
reagent$ratom$add_on_dispose_BANG_:bp
reagent$ratom$add_w:Qo
reagent$ratom$atom:Wo
reagent$ratom$cached_reaction:Xo
reagent$ratom$deref_capture:Oo
reagent$ratom$dispose_BANG_:ap
reagent$ratom$flush_BANG_:dp
reagent$ratom$handle_reaction_change:pc
reagent$ratom$make_reaction:Yo
reagent$ratom$notify_deref_watcher_BANG_:Po
reagent$ratom$notify_w:So
reagent$ratom$pr_atom:To
reagent$ratom$rea_queue:Uo
reagent$ratom$remove_w:Ro
reagent$ratom$run_in_reaction:fp
reagent$ratom$temp_reaction:ep
req$jscomp$inline_1404:nv
rhex$jscomp$inline_1335:$t
shadow$js$files:$n
shadow$js$jsRequire:co
shadow$js$nativeProvides:ao
shadow$js$requireStack:bo
vcorpstate$components$graph$graph_component:Jv
vcorpstate$components$sidebar$sidebar:Iv
vcorpstate$components$sidebar$sidebar_back_button:Cv
vcorpstate$components$sidebar$sidebar_content_item:Ev
vcorpstate$components$sidebar$sidebar_content_section:Fv
vcorpstate$components$sidebar$sidebar_expanded_panel:Hv
vcorpstate$components$sidebar$sidebar_icon_button:Dv
vcorpstate$components$sidebar$sidebar_icons_column:Gv
vcorpstate$config$config:xv
vcorpstate$core$init_BANG_:Lv
vcorpstate$core$root:eq
vcorpstate$db$default_db:ht
vcorpstate$http$load_collection_details:rv
vcorpstate$http$load_job_details:sv
vcorpstate$http$load_project_initial_data:qv
vcorpstate$routes$handle_route_change:zv
vcorpstate$routes$navigate_to_route_BANG_:Av
vcorpstate$routes$parse_url$cljs$0core$0IFn$0_invoke$0arity$01:yv
vcorpstate$views$app:dq
vcorpstate$views$main$project_selector:Bv
vcorpstate$views$project_main$project_main_view:Kv
vcorpstate$websocket$create_websocket_connection:tv
